Archive member included because of file (symbol)

d:/avrdiploma/imt_sdk_win_64/winavr/bin/../lib/gcc/avr/4.3.3/avr5\libgcc.a(_udivmodqi4.o)
                              ./HAL/LCD/LCD_Program.o (__udivmodqi4)
d:/avrdiploma/imt_sdk_win_64/winavr/bin/../lib/gcc/avr/4.3.3/avr5\libgcc.a(_exit.o)
                              d:/avrdiploma/imt_sdk_win_64/winavr/bin/../lib/gcc/avr/4.3.3/../../../../avr/lib/avr5/crtm32.o (exit)
d:/avrdiploma/imt_sdk_win_64/winavr/bin/../lib/gcc/avr/4.3.3/avr5\libgcc.a(_copy_data.o)
                              ./main.o (__do_copy_data)
d:/avrdiploma/imt_sdk_win_64/winavr/bin/../lib/gcc/avr/4.3.3/avr5\libgcc.a(_clear_bss.o)
                              ./main.o (__do_clear_bss)
d:/avrdiploma/imt_sdk_win_64/winavr/bin/../lib/gcc/avr/4.3.3/avr5\libgcc.a(_ashldi3.o)
                              ./HAL/LCD/LCD_Program.o (__ashldi3)
d:/avrdiploma/imt_sdk_win_64/winavr/bin/../lib/gcc/avr/4.3.3/avr5\libgcc.a(_fixunssfsi.o)
                              ./HAL/LCD/LCD_Program.o (__fixunssfsi)
d:/avrdiploma/imt_sdk_win_64/winavr/bin/../lib/gcc/avr/4.3.3/avr5\libgcc.a(_udivdi3.o)
                              ./HAL/LCD/LCD_Program.o (__udivdi3)
d:/avrdiploma/imt_sdk_win_64/winavr/bin/../lib/gcc/avr/4.3.3/avr5\libgcc.a(_umoddi3.o)
                              ./HAL/LCD/LCD_Program.o (__umoddi3)
d:/avrdiploma/imt_sdk_win_64/winavr/bin/../lib/gcc/avr/4.3.3/avr5\libgcc.a(_addsub_sf.o)
                              d:/avrdiploma/imt_sdk_win_64/winavr/bin/../lib/gcc/avr/4.3.3/avr5\libgcc.a(_fixunssfsi.o) (__subsf3)
d:/avrdiploma/imt_sdk_win_64/winavr/bin/../lib/gcc/avr/4.3.3/avr5\libgcc.a(_mul_sf.o)
                              ./HAL/LCD/LCD_Program.o (__mulsf3)
d:/avrdiploma/imt_sdk_win_64/winavr/bin/../lib/gcc/avr/4.3.3/avr5\libgcc.a(_gt_sf.o)
                              ./HAL/LCD/LCD_Program.o (__gtsf2)
d:/avrdiploma/imt_sdk_win_64/winavr/bin/../lib/gcc/avr/4.3.3/avr5\libgcc.a(_ge_sf.o)
                              d:/avrdiploma/imt_sdk_win_64/winavr/bin/../lib/gcc/avr/4.3.3/avr5\libgcc.a(_fixunssfsi.o) (__gesf2)
d:/avrdiploma/imt_sdk_win_64/winavr/bin/../lib/gcc/avr/4.3.3/avr5\libgcc.a(_lt_sf.o)
                              ./HAL/LCD/LCD_Program.o (__ltsf2)
d:/avrdiploma/imt_sdk_win_64/winavr/bin/../lib/gcc/avr/4.3.3/avr5\libgcc.a(_sf_to_si.o)
                              d:/avrdiploma/imt_sdk_win_64/winavr/bin/../lib/gcc/avr/4.3.3/avr5\libgcc.a(_fixunssfsi.o) (__fixsfsi)
d:/avrdiploma/imt_sdk_win_64/winavr/bin/../lib/gcc/avr/4.3.3/avr5\libgcc.a(_thenan_sf.o)
                              d:/avrdiploma/imt_sdk_win_64/winavr/bin/../lib/gcc/avr/4.3.3/avr5\libgcc.a(_addsub_sf.o) (__thenan_sf)
d:/avrdiploma/imt_sdk_win_64/winavr/bin/../lib/gcc/avr/4.3.3/avr5\libgcc.a(_mulsi3.o)
                              d:/avrdiploma/imt_sdk_win_64/winavr/bin/../lib/gcc/avr/4.3.3/avr5\libgcc.a(_udivdi3.o) (__mulsi3)
d:/avrdiploma/imt_sdk_win_64/winavr/bin/../lib/gcc/avr/4.3.3/avr5\libgcc.a(_udivmodsi4.o)
                              d:/avrdiploma/imt_sdk_win_64/winavr/bin/../lib/gcc/avr/4.3.3/avr5\libgcc.a(_udivdi3.o) (__udivmodsi4)
d:/avrdiploma/imt_sdk_win_64/winavr/bin/../lib/gcc/avr/4.3.3/avr5\libgcc.a(_prologue.o)
                              d:/avrdiploma/imt_sdk_win_64/winavr/bin/../lib/gcc/avr/4.3.3/avr5\libgcc.a(_udivdi3.o) (__prologue_saves__)
d:/avrdiploma/imt_sdk_win_64/winavr/bin/../lib/gcc/avr/4.3.3/avr5\libgcc.a(_epilogue.o)
                              d:/avrdiploma/imt_sdk_win_64/winavr/bin/../lib/gcc/avr/4.3.3/avr5\libgcc.a(_udivdi3.o) (__epilogue_restores__)
d:/avrdiploma/imt_sdk_win_64/winavr/bin/../lib/gcc/avr/4.3.3/avr5\libgcc.a(_clz.o)
                              d:/avrdiploma/imt_sdk_win_64/winavr/bin/../lib/gcc/avr/4.3.3/avr5\libgcc.a(_udivdi3.o) (__clz_tab)
d:/avrdiploma/imt_sdk_win_64/winavr/bin/../lib/gcc/avr/4.3.3/avr5\libgcc.a(_pack_sf.o)
                              d:/avrdiploma/imt_sdk_win_64/winavr/bin/../lib/gcc/avr/4.3.3/avr5\libgcc.a(_addsub_sf.o) (__pack_f)
d:/avrdiploma/imt_sdk_win_64/winavr/bin/../lib/gcc/avr/4.3.3/avr5\libgcc.a(_unpack_sf.o)
                              d:/avrdiploma/imt_sdk_win_64/winavr/bin/../lib/gcc/avr/4.3.3/avr5\libgcc.a(_addsub_sf.o) (__unpack_f)
d:/avrdiploma/imt_sdk_win_64/winavr/bin/../lib/gcc/avr/4.3.3/avr5\libgcc.a(_fpcmp_parts_sf.o)
                              d:/avrdiploma/imt_sdk_win_64/winavr/bin/../lib/gcc/avr/4.3.3/avr5\libgcc.a(_gt_sf.o) (__fpcmp_parts_f)
d:/avrdiploma/imt_sdk_win_64/winavr/bin/../lib/gcc/avr/4.3.3/../../../../avr/lib/avr5\libc.a(eerd_byte_atmega32.o)
                              ./main.o (__eerd_byte_m32)
d:/avrdiploma/imt_sdk_win_64/winavr/bin/../lib/gcc/avr/4.3.3/../../../../avr/lib/avr5\libc.a(eeupd_byte_atmega32.o)
                              ./main.o (__eeupd_byte_m32)

Memory Configuration

Name             Origin             Length             Attributes
text             0x00000000         0x00020000         xr
data             0x00800060         0x0000ffa0         rw !x
eeprom           0x00810000         0x00010000         rw !x
fuse             0x00820000         0x00000400         rw !x
lock             0x00830000         0x00000400         rw !x
signature        0x00840000         0x00000400         rw !x
*default*        0x00000000         0xffffffff

Linker script and memory map

LOAD d:/avrdiploma/imt_sdk_win_64/winavr/bin/../lib/gcc/avr/4.3.3/../../../../avr/lib/avr5/crtm32.o
LOAD ./MCAL/DIO/DIO_Program.o
LOAD ./MCAL/ADC/ADC_Program.o
LOAD ./HAL/LCD/LCD_Program.o
LOAD ./HAL/CALLIBRATION/CALLIBRATION_Program.o
LOAD ./main.o
LOAD d:/avrdiploma/imt_sdk_win_64/winavr/bin/../lib/gcc/avr/4.3.3/avr5\libgcc.a
LOAD d:/avrdiploma/imt_sdk_win_64/winavr/bin/../lib/gcc/avr/4.3.3/../../../../avr/lib/avr5\libc.a
LOAD d:/avrdiploma/imt_sdk_win_64/winavr/bin/../lib/gcc/avr/4.3.3/avr5\libgcc.a

.hash
 *(.hash)

.dynsym
 *(.dynsym)

.dynstr
 *(.dynstr)

.gnu.version
 *(.gnu.version)

.gnu.version_d
 *(.gnu.version_d)

.gnu.version_r
 *(.gnu.version_r)

.rel.init
 *(.rel.init)

.rela.init
 *(.rela.init)

.rel.text
 *(.rel.text)
 *(.rel.text.*)
 *(.rel.gnu.linkonce.t*)

.rela.text
 *(.rela.text)
 *(.rela.text.*)
 *(.rela.gnu.linkonce.t*)

.rel.fini
 *(.rel.fini)

.rela.fini
 *(.rela.fini)

.rel.rodata
 *(.rel.rodata)
 *(.rel.rodata.*)
 *(.rel.gnu.linkonce.r*)

.rela.rodata
 *(.rela.rodata)
 *(.rela.rodata.*)
 *(.rela.gnu.linkonce.r*)

.rel.data
 *(.rel.data)
 *(.rel.data.*)
 *(.rel.gnu.linkonce.d*)

.rela.data
 *(.rela.data)
 *(.rela.data.*)
 *(.rela.gnu.linkonce.d*)

.rel.ctors
 *(.rel.ctors)

.rela.ctors
 *(.rela.ctors)

.rel.dtors
 *(.rel.dtors)

.rela.dtors
 *(.rela.dtors)

.rel.got
 *(.rel.got)

.rela.got
 *(.rela.got)

.rel.bss
 *(.rel.bss)

.rela.bss
 *(.rela.bss)

.rel.plt
 *(.rel.plt)

.rela.plt
 *(.rela.plt)

.text           0x00000000     0x60fe
 *(.vectors)
 .vectors       0x00000000       0x54 d:/avrdiploma/imt_sdk_win_64/winavr/bin/../lib/gcc/avr/4.3.3/../../../../avr/lib/avr5/crtm32.o
                0x00000000                __vectors
                0x00000000                __vector_default
 *(.vectors)
 *(.progmem.gcc*)
 *(.progmem*)
                0x00000054                . = ALIGN (0x2)
                0x00000054                __trampolines_start = .
 *(.trampolines)
 .trampolines   0x00000054        0x0 linker stubs
 *(.trampolines*)
                0x00000054                __trampolines_end = .
 *(.jumptables)
 *(.jumptables*)
 *(.lowtext)
 *(.lowtext*)
                0x00000054                __ctors_start = .
 *(.ctors)
                0x00000054                __ctors_end = .
                0x00000054                __dtors_start = .
 *(.dtors)
                0x00000054                __dtors_end = .
 SORT(*)(.ctors)
 SORT(*)(.dtors)
 *(.init0)
 .init0         0x00000054        0x0 d:/avrdiploma/imt_sdk_win_64/winavr/bin/../lib/gcc/avr/4.3.3/../../../../avr/lib/avr5/crtm32.o
                0x00000054                __init
 *(.init0)
 *(.init1)
 *(.init1)
 *(.init2)
 .init2         0x00000054        0xc d:/avrdiploma/imt_sdk_win_64/winavr/bin/../lib/gcc/avr/4.3.3/../../../../avr/lib/avr5/crtm32.o
 *(.init2)
 *(.init3)
 *(.init3)
 *(.init4)
 .init4         0x00000060       0x16 d:/avrdiploma/imt_sdk_win_64/winavr/bin/../lib/gcc/avr/4.3.3/avr5\libgcc.a(_copy_data.o)
                0x00000060                __do_copy_data
 .init4         0x00000076       0x10 d:/avrdiploma/imt_sdk_win_64/winavr/bin/../lib/gcc/avr/4.3.3/avr5\libgcc.a(_clear_bss.o)
                0x00000076                __do_clear_bss
 *(.init4)
 *(.init5)
 *(.init5)
 *(.init6)
 *(.init6)
 *(.init7)
 *(.init7)
 *(.init8)
 *(.init8)
 *(.init9)
 .init9         0x00000086        0x8 d:/avrdiploma/imt_sdk_win_64/winavr/bin/../lib/gcc/avr/4.3.3/../../../../avr/lib/avr5/crtm32.o
 *(.init9)
 *(.text)
 .text          0x0000008e        0x4 d:/avrdiploma/imt_sdk_win_64/winavr/bin/../lib/gcc/avr/4.3.3/../../../../avr/lib/avr5/crtm32.o
                0x0000008e                __vector_1
                0x0000008e                __vector_12
                0x0000008e                __bad_interrupt
                0x0000008e                __vector_6
                0x0000008e                __vector_3
                0x0000008e                __vector_11
                0x0000008e                __vector_13
                0x0000008e                __vector_17
                0x0000008e                __vector_19
                0x0000008e                __vector_5
                0x0000008e                __vector_4
                0x0000008e                __vector_9
                0x0000008e                __vector_2
                0x0000008e                __vector_15
                0x0000008e                __vector_8
                0x0000008e                __vector_14
                0x0000008e                __vector_10
                0x0000008e                __vector_16
                0x0000008e                __vector_18
                0x0000008e                __vector_20
 .text          0x00000092        0x0 ./MCAL/DIO/DIO_Program.o
 .text          0x00000092        0x0 ./MCAL/ADC/ADC_Program.o
 .text          0x00000092        0x0 ./HAL/LCD/LCD_Program.o
 .text          0x00000092        0x0 ./HAL/CALLIBRATION/CALLIBRATION_Program.o
 .text          0x00000092        0x0 ./main.o
 .text          0x00000092        0x0 d:/avrdiploma/imt_sdk_win_64/winavr/bin/../lib/gcc/avr/4.3.3/avr5\libgcc.a(_udivmodqi4.o)
 .text          0x00000092        0x0 d:/avrdiploma/imt_sdk_win_64/winavr/bin/../lib/gcc/avr/4.3.3/avr5\libgcc.a(_exit.o)
 .text          0x00000092        0x0 d:/avrdiploma/imt_sdk_win_64/winavr/bin/../lib/gcc/avr/4.3.3/avr5\libgcc.a(_copy_data.o)
 .text          0x00000092        0x0 d:/avrdiploma/imt_sdk_win_64/winavr/bin/../lib/gcc/avr/4.3.3/avr5\libgcc.a(_clear_bss.o)
 .text          0x00000092       0xfe d:/avrdiploma/imt_sdk_win_64/winavr/bin/../lib/gcc/avr/4.3.3/avr5\libgcc.a(_ashldi3.o)
                0x00000092                __ashldi3
 .text          0x00000190       0x58 d:/avrdiploma/imt_sdk_win_64/winavr/bin/../lib/gcc/avr/4.3.3/avr5\libgcc.a(_fixunssfsi.o)
                0x00000190                __fixunssfsi
 .text          0x000001e8      0xcea d:/avrdiploma/imt_sdk_win_64/winavr/bin/../lib/gcc/avr/4.3.3/avr5\libgcc.a(_udivdi3.o)
                0x000001e8                __udivdi3
 .text          0x00000ed2      0xce0 d:/avrdiploma/imt_sdk_win_64/winavr/bin/../lib/gcc/avr/4.3.3/avr5\libgcc.a(_umoddi3.o)
                0x00000ed2                __umoddi3
 .text          0x00001bb2      0x354 d:/avrdiploma/imt_sdk_win_64/winavr/bin/../lib/gcc/avr/4.3.3/avr5\libgcc.a(_addsub_sf.o)
                0x00001e4a                __subsf3
                0x00001eac                __addsf3
 .text          0x00001f06      0x1f4 d:/avrdiploma/imt_sdk_win_64/winavr/bin/../lib/gcc/avr/4.3.3/avr5\libgcc.a(_mul_sf.o)
                0x00001f06                __mulsf3
 .text          0x000020fa       0x60 d:/avrdiploma/imt_sdk_win_64/winavr/bin/../lib/gcc/avr/4.3.3/avr5\libgcc.a(_gt_sf.o)
                0x000020fa                __gtsf2
 .text          0x0000215a       0x60 d:/avrdiploma/imt_sdk_win_64/winavr/bin/../lib/gcc/avr/4.3.3/avr5\libgcc.a(_ge_sf.o)
                0x0000215a                __gesf2
 .text          0x000021ba       0x60 d:/avrdiploma/imt_sdk_win_64/winavr/bin/../lib/gcc/avr/4.3.3/avr5\libgcc.a(_lt_sf.o)
                0x000021ba                __ltsf2
 .text          0x0000221a       0xa8 d:/avrdiploma/imt_sdk_win_64/winavr/bin/../lib/gcc/avr/4.3.3/avr5\libgcc.a(_sf_to_si.o)
                0x0000221a                __fixsfsi
 .text          0x000022c2        0x0 d:/avrdiploma/imt_sdk_win_64/winavr/bin/../lib/gcc/avr/4.3.3/avr5\libgcc.a(_thenan_sf.o)
 .text          0x000022c2        0x0 d:/avrdiploma/imt_sdk_win_64/winavr/bin/../lib/gcc/avr/4.3.3/avr5\libgcc.a(_mulsi3.o)
 .text          0x000022c2        0x0 d:/avrdiploma/imt_sdk_win_64/winavr/bin/../lib/gcc/avr/4.3.3/avr5\libgcc.a(_udivmodsi4.o)
 .text          0x000022c2        0x0 d:/avrdiploma/imt_sdk_win_64/winavr/bin/../lib/gcc/avr/4.3.3/avr5\libgcc.a(_prologue.o)
 .text          0x000022c2        0x0 d:/avrdiploma/imt_sdk_win_64/winavr/bin/../lib/gcc/avr/4.3.3/avr5\libgcc.a(_epilogue.o)
 .text          0x000022c2        0x0 d:/avrdiploma/imt_sdk_win_64/winavr/bin/../lib/gcc/avr/4.3.3/avr5\libgcc.a(_clz.o)
 .text          0x000022c2      0x1aa d:/avrdiploma/imt_sdk_win_64/winavr/bin/../lib/gcc/avr/4.3.3/avr5\libgcc.a(_pack_sf.o)
                0x000022c2                __pack_f
 .text          0x0000246c       0xf0 d:/avrdiploma/imt_sdk_win_64/winavr/bin/../lib/gcc/avr/4.3.3/avr5\libgcc.a(_unpack_sf.o)
                0x0000246c                __unpack_f
 .text          0x0000255c       0xb2 d:/avrdiploma/imt_sdk_win_64/winavr/bin/../lib/gcc/avr/4.3.3/avr5\libgcc.a(_fpcmp_parts_sf.o)
                0x0000255c                __fpcmp_parts_f
 .text          0x0000260e        0x0 d:/avrdiploma/imt_sdk_win_64/winavr/bin/../lib/gcc/avr/4.3.3/../../../../avr/lib/avr5\libc.a(eerd_byte_atmega32.o)
 .text          0x0000260e        0x0 d:/avrdiploma/imt_sdk_win_64/winavr/bin/../lib/gcc/avr/4.3.3/../../../../avr/lib/avr5\libc.a(eeupd_byte_atmega32.o)
                0x0000260e                . = ALIGN (0x2)
 *(.text.*)
 .text.DIO_enumSetPinDirection
                0x0000260e      0x210 ./MCAL/DIO/DIO_Program.o
                0x0000260e                DIO_enumSetPinDirection
 .text.DIO_enumSetPinValue
                0x0000281e      0x210 ./MCAL/DIO/DIO_Program.o
                0x0000281e                DIO_enumSetPinValue
 .text.DIO_enumGetPinValue
                0x00002a2e      0x17a ./MCAL/DIO/DIO_Program.o
                0x00002a2e                DIO_enumGetPinValue
 .text.DIO_enumTogglePinValue
                0x00002ba8      0x102 ./MCAL/DIO/DIO_Program.o
                0x00002ba8                DIO_enumTogglePinValue
 .text.DIO_enumSetPortDirection
                0x00002caa       0x88 ./MCAL/DIO/DIO_Program.o
                0x00002caa                DIO_enumSetPortDirection
 .text.DIO_enumSetPortValue
                0x00002d32       0x88 ./MCAL/DIO/DIO_Program.o
                0x00002d32                DIO_enumSetPortValue
 .text.DIO_enumTogglePortValue
                0x00002dba       0x9e ./MCAL/DIO/DIO_Program.o
                0x00002dba                DIO_enumTogglePortValue
 .text.DIO_enumGetPortValue
                0x00002e58       0x9e ./MCAL/DIO/DIO_Program.o
                0x00002e58                DIO_enumGetPortValue
 .text.ADC_Init
                0x00002ef6       0x1e ./MCAL/ADC/ADC_Program.o
                0x00002ef6                ADC_Init
 .text.ADC_Read
                0x00002f14       0x7c ./MCAL/ADC/ADC_Program.o
                0x00002f14                ADC_Read
 .text.LCD_Init
                0x00002f90      0x50e ./HAL/LCD/LCD_Program.o
                0x00002f90                LCD_Init
 .text.LCD_Send_Data
                0x0000349e       0x34 ./HAL/LCD/LCD_Program.o
                0x0000349e                LCD_Send_Data
 .text.LCD_Send_Command
                0x000034d2       0x34 ./HAL/LCD/LCD_Program.o
                0x000034d2                LCD_Send_Command
 .text.LCD_Send_String
                0x00003506       0x52 ./HAL/LCD/LCD_Program.o
                0x00003506                LCD_Send_String
 .text.LCD_Send_Number
                0x00003558      0x748 ./HAL/LCD/LCD_Program.o
                0x00003558                LCD_Send_Number
 .text.LCD_Clear_Screen
                0x00003ca0       0x14 ./HAL/LCD/LCD_Program.o
                0x00003ca0                LCD_Clear_Screen
 .text.LCD_Send_Falling_Edge
                0x00003cb4      0x202 ./HAL/LCD/LCD_Program.o
                0x00003cb4                LCD_Send_Falling_Edge
 .text.LCD_DisplaySpecialCharacter
                0x00003eb6       0x64 ./HAL/LCD/LCD_Program.o
                0x00003eb6                LCD_DisplaySpecialCharacter
 .text.ADC_Read
                0x00003f1a       0x34 ./main.o
 .text.SPI_Init
                0x00003f4e       0x62 ./main.o
                0x00003f4e                SPI_Init
 .text.Timer_Init
                0x00003fb0       0x36 ./main.o
                0x00003fb0                Timer_Init
 .text.Start_Audio
                0x00003fe6       0x50 ./main.o
                0x00003fe6                Start_Audio
 .text.__vector_7
                0x00004036      0x1c6 ./main.o
                0x00004036                __vector_7
 .text.EEPROM_Write
                0x000041fc       0x28 ./main.o
                0x000041fc                EEPROM_Write
 .text.EEPROM_Read
                0x00004224       0x20 ./main.o
                0x00004224                EEPROM_Read
 .text.Read_Gesture
                0x00004244       0x7a ./main.o
                0x00004244                Read_Gesture
 .text.Gesture_Is_Valid
                0x000042be       0x2e ./main.o
                0x000042be                Gesture_Is_Valid
 .text.Load_Gesture
                0x000042ec       0x20 ./main.o
                0x000042ec                Load_Gesture
 .text.Save_Gesture
                0x0000430c       0x6a ./main.o
                0x0000430c                Save_Gesture
 .text.Play_Word
                0x00004376       0xe0 ./main.o
                0x00004376                Play_Word
 .text.Old_Normal_Finger
                0x00004456       0x7a ./main.o
                0x00004456                Old_Normal_Finger
 .text.Normal_Mode
                0x000044d0      0x3a2 ./main.o
                0x000044d0                Normal_Mode
 .text.Show_Word
                0x00004872       0x88 ./main.o
                0x00004872                Show_Word
 .text.Train_Word
                0x000048fa      0x624 ./main.o
                0x000048fa                Train_Word
 .text.Train_Another
                0x00004f1e      0x6f8 ./main.o
                0x00004f1e                Train_Another
 .text.Training_Mode
                0x00005616      0x5ce ./main.o
                0x00005616                Training_Mode
 .text.Mode_Menu
                0x00005be4       0x3c ./main.o
                0x00005be4                Mode_Menu
 .text.main     0x00005c20      0x3a0 ./main.o
                0x00005c20                main
 .text.libgcc   0x00005fc0       0x18 d:/avrdiploma/imt_sdk_win_64/winavr/bin/../lib/gcc/avr/4.3.3/avr5\libgcc.a(_udivmodqi4.o)
                0x00005fc0                __udivmodqi4
 .text.libgcc   0x00005fd8        0x0 d:/avrdiploma/imt_sdk_win_64/winavr/bin/../lib/gcc/avr/4.3.3/avr5\libgcc.a(_exit.o)
 .text.libgcc   0x00005fd8        0x0 d:/avrdiploma/imt_sdk_win_64/winavr/bin/../lib/gcc/avr/4.3.3/avr5\libgcc.a(_copy_data.o)
 .text.libgcc   0x00005fd8        0x0 d:/avrdiploma/imt_sdk_win_64/winavr/bin/../lib/gcc/avr/4.3.3/avr5\libgcc.a(_clear_bss.o)
 .text.libgcc   0x00005fd8       0x3e d:/avrdiploma/imt_sdk_win_64/winavr/bin/../lib/gcc/avr/4.3.3/avr5\libgcc.a(_mulsi3.o)
                0x00005fd8                __mulsi3
 .text.libgcc   0x00006016       0x44 d:/avrdiploma/imt_sdk_win_64/winavr/bin/../lib/gcc/avr/4.3.3/avr5\libgcc.a(_udivmodsi4.o)
                0x00006016                __udivmodsi4
 .text.libgcc   0x0000605a       0x38 d:/avrdiploma/imt_sdk_win_64/winavr/bin/../lib/gcc/avr/4.3.3/avr5\libgcc.a(_prologue.o)
                0x0000605a                __prologue_saves__
 .text.libgcc   0x00006092       0x36 d:/avrdiploma/imt_sdk_win_64/winavr/bin/../lib/gcc/avr/4.3.3/avr5\libgcc.a(_epilogue.o)
                0x00006092                __epilogue_restores__
 .text.avr-libc
                0x000060c8       0x10 d:/avrdiploma/imt_sdk_win_64/winavr/bin/../lib/gcc/avr/4.3.3/../../../../avr/lib/avr5\libc.a(eerd_byte_atmega32.o)
                0x000060c8                __eerd_byte_m32
 .text.avr-libc
                0x000060d8       0x22 d:/avrdiploma/imt_sdk_win_64/winavr/bin/../lib/gcc/avr/4.3.3/../../../../avr/lib/avr5\libc.a(eeupd_byte_atmega32.o)
                0x000060d8                __eeupd_byte_m32
                0x000060da                __eeupd_r18_m32
                0x000060fa                . = ALIGN (0x2)
 *(.fini9)
 .fini9         0x000060fa        0x0 d:/avrdiploma/imt_sdk_win_64/winavr/bin/../lib/gcc/avr/4.3.3/avr5\libgcc.a(_exit.o)
                0x000060fa                exit
                0x000060fa                _exit
 *(.fini9)
 *(.fini8)
 *(.fini8)
 *(.fini7)
 *(.fini7)
 *(.fini6)
 *(.fini6)
 *(.fini5)
 *(.fini5)
 *(.fini4)
 *(.fini4)
 *(.fini3)
 *(.fini3)
 *(.fini2)
 *(.fini2)
 *(.fini1)
 *(.fini1)
 *(.fini0)
 .fini0         0x000060fa        0x4 d:/avrdiploma/imt_sdk_win_64/winavr/bin/../lib/gcc/avr/4.3.3/avr5\libgcc.a(_exit.o)
 *(.fini0)
                0x000060fe                _etext = .

.data           0x00800060      0x1c2 load address 0x000060fe
                0x00800060                PROVIDE (__data_start, .)
 *(.data)
 .data          0x00800060        0x0 d:/avrdiploma/imt_sdk_win_64/winavr/bin/../lib/gcc/avr/4.3.3/../../../../avr/lib/avr5/crtm32.o
 .data          0x00800060        0x0 ./MCAL/DIO/DIO_Program.o
 .data          0x00800060        0x0 ./MCAL/ADC/ADC_Program.o
 .data          0x00800060        0x0 ./HAL/LCD/LCD_Program.o
 .data          0x00800060        0x0 ./HAL/CALLIBRATION/CALLIBRATION_Program.o
 .data          0x00800060       0xba ./main.o
 .data          0x0080011a        0x0 d:/avrdiploma/imt_sdk_win_64/winavr/bin/../lib/gcc/avr/4.3.3/avr5\libgcc.a(_udivmodqi4.o)
 .data          0x0080011a        0x0 d:/avrdiploma/imt_sdk_win_64/winavr/bin/../lib/gcc/avr/4.3.3/avr5\libgcc.a(_exit.o)
 .data          0x0080011a        0x0 d:/avrdiploma/imt_sdk_win_64/winavr/bin/../lib/gcc/avr/4.3.3/avr5\libgcc.a(_copy_data.o)
 .data          0x0080011a        0x0 d:/avrdiploma/imt_sdk_win_64/winavr/bin/../lib/gcc/avr/4.3.3/avr5\libgcc.a(_clear_bss.o)
 .data          0x0080011a        0x0 d:/avrdiploma/imt_sdk_win_64/winavr/bin/../lib/gcc/avr/4.3.3/avr5\libgcc.a(_ashldi3.o)
 .data          0x0080011a        0x0 d:/avrdiploma/imt_sdk_win_64/winavr/bin/../lib/gcc/avr/4.3.3/avr5\libgcc.a(_fixunssfsi.o)
 .data          0x0080011a        0x0 d:/avrdiploma/imt_sdk_win_64/winavr/bin/../lib/gcc/avr/4.3.3/avr5\libgcc.a(_udivdi3.o)
 .data          0x0080011a        0x0 d:/avrdiploma/imt_sdk_win_64/winavr/bin/../lib/gcc/avr/4.3.3/avr5\libgcc.a(_umoddi3.o)
 .data          0x0080011a        0x0 d:/avrdiploma/imt_sdk_win_64/winavr/bin/../lib/gcc/avr/4.3.3/avr5\libgcc.a(_addsub_sf.o)
 .data          0x0080011a        0x0 d:/avrdiploma/imt_sdk_win_64/winavr/bin/../lib/gcc/avr/4.3.3/avr5\libgcc.a(_mul_sf.o)
 .data          0x0080011a        0x0 d:/avrdiploma/imt_sdk_win_64/winavr/bin/../lib/gcc/avr/4.3.3/avr5\libgcc.a(_gt_sf.o)
 .data          0x0080011a        0x0 d:/avrdiploma/imt_sdk_win_64/winavr/bin/../lib/gcc/avr/4.3.3/avr5\libgcc.a(_ge_sf.o)
 .data          0x0080011a        0x0 d:/avrdiploma/imt_sdk_win_64/winavr/bin/../lib/gcc/avr/4.3.3/avr5\libgcc.a(_lt_sf.o)
 .data          0x0080011a        0x0 d:/avrdiploma/imt_sdk_win_64/winavr/bin/../lib/gcc/avr/4.3.3/avr5\libgcc.a(_sf_to_si.o)
 .data          0x0080011a        0x8 d:/avrdiploma/imt_sdk_win_64/winavr/bin/../lib/gcc/avr/4.3.3/avr5\libgcc.a(_thenan_sf.o)
                0x0080011a                __thenan_sf
 .data          0x00800122        0x0 d:/avrdiploma/imt_sdk_win_64/winavr/bin/../lib/gcc/avr/4.3.3/avr5\libgcc.a(_mulsi3.o)
 .data          0x00800122        0x0 d:/avrdiploma/imt_sdk_win_64/winavr/bin/../lib/gcc/avr/4.3.3/avr5\libgcc.a(_udivmodsi4.o)
 .data          0x00800122        0x0 d:/avrdiploma/imt_sdk_win_64/winavr/bin/../lib/gcc/avr/4.3.3/avr5\libgcc.a(_prologue.o)
 .data          0x00800122        0x0 d:/avrdiploma/imt_sdk_win_64/winavr/bin/../lib/gcc/avr/4.3.3/avr5\libgcc.a(_epilogue.o)
 .data          0x00800122      0x100 d:/avrdiploma/imt_sdk_win_64/winavr/bin/../lib/gcc/avr/4.3.3/avr5\libgcc.a(_clz.o)
                0x00800122                __clz_tab
 .data          0x00800222        0x0 d:/avrdiploma/imt_sdk_win_64/winavr/bin/../lib/gcc/avr/4.3.3/avr5\libgcc.a(_pack_sf.o)
 .data          0x00800222        0x0 d:/avrdiploma/imt_sdk_win_64/winavr/bin/../lib/gcc/avr/4.3.3/avr5\libgcc.a(_unpack_sf.o)
 .data          0x00800222        0x0 d:/avrdiploma/imt_sdk_win_64/winavr/bin/../lib/gcc/avr/4.3.3/avr5\libgcc.a(_fpcmp_parts_sf.o)
 .data          0x00800222        0x0 d:/avrdiploma/imt_sdk_win_64/winavr/bin/../lib/gcc/avr/4.3.3/../../../../avr/lib/avr5\libc.a(eerd_byte_atmega32.o)
 .data          0x00800222        0x0 d:/avrdiploma/imt_sdk_win_64/winavr/bin/../lib/gcc/avr/4.3.3/../../../../avr/lib/avr5\libc.a(eeupd_byte_atmega32.o)
 *(.data*)
 *(.rodata)
 *(.rodata*)
 *(.gnu.linkonce.d*)
                0x00800222                . = ALIGN (0x2)
                0x00800222                _edata = .
                0x00800222                PROVIDE (__data_end, .)

.bss            0x00800222        0x5
                0x00800222                PROVIDE (__bss_start, .)
 *(.bss)
 .bss           0x00800222        0x0 d:/avrdiploma/imt_sdk_win_64/winavr/bin/../lib/gcc/avr/4.3.3/../../../../avr/lib/avr5/crtm32.o
 .bss           0x00800222        0x0 ./MCAL/DIO/DIO_Program.o
 .bss           0x00800222        0x0 ./MCAL/ADC/ADC_Program.o
 .bss           0x00800222        0x0 ./HAL/LCD/LCD_Program.o
 .bss           0x00800222        0x0 ./HAL/CALLIBRATION/CALLIBRATION_Program.o
 .bss           0x00800222        0x0 ./main.o
 .bss           0x00800222        0x0 d:/avrdiploma/imt_sdk_win_64/winavr/bin/../lib/gcc/avr/4.3.3/avr5\libgcc.a(_udivmodqi4.o)
 .bss           0x00800222        0x0 d:/avrdiploma/imt_sdk_win_64/winavr/bin/../lib/gcc/avr/4.3.3/avr5\libgcc.a(_exit.o)
 .bss           0x00800222        0x0 d:/avrdiploma/imt_sdk_win_64/winavr/bin/../lib/gcc/avr/4.3.3/avr5\libgcc.a(_copy_data.o)
 .bss           0x00800222        0x0 d:/avrdiploma/imt_sdk_win_64/winavr/bin/../lib/gcc/avr/4.3.3/avr5\libgcc.a(_clear_bss.o)
 .bss           0x00800222        0x0 d:/avrdiploma/imt_sdk_win_64/winavr/bin/../lib/gcc/avr/4.3.3/avr5\libgcc.a(_ashldi3.o)
 .bss           0x00800222        0x0 d:/avrdiploma/imt_sdk_win_64/winavr/bin/../lib/gcc/avr/4.3.3/avr5\libgcc.a(_fixunssfsi.o)
 .bss           0x00800222        0x0 d:/avrdiploma/imt_sdk_win_64/winavr/bin/../lib/gcc/avr/4.3.3/avr5\libgcc.a(_udivdi3.o)
 .bss           0x00800222        0x0 d:/avrdiploma/imt_sdk_win_64/winavr/bin/../lib/gcc/avr/4.3.3/avr5\libgcc.a(_umoddi3.o)
 .bss           0x00800222        0x0 d:/avrdiploma/imt_sdk_win_64/winavr/bin/../lib/gcc/avr/4.3.3/avr5\libgcc.a(_addsub_sf.o)
 .bss           0x00800222        0x0 d:/avrdiploma/imt_sdk_win_64/winavr/bin/../lib/gcc/avr/4.3.3/avr5\libgcc.a(_mul_sf.o)
 .bss           0x00800222        0x0 d:/avrdiploma/imt_sdk_win_64/winavr/bin/../lib/gcc/avr/4.3.3/avr5\libgcc.a(_gt_sf.o)
 .bss           0x00800222        0x0 d:/avrdiploma/imt_sdk_win_64/winavr/bin/../lib/gcc/avr/4.3.3/avr5\libgcc.a(_ge_sf.o)
 .bss           0x00800222        0x0 d:/avrdiploma/imt_sdk_win_64/winavr/bin/../lib/gcc/avr/4.3.3/avr5\libgcc.a(_lt_sf.o)
 .bss           0x00800222        0x0 d:/avrdiploma/imt_sdk_win_64/winavr/bin/../lib/gcc/avr/4.3.3/avr5\libgcc.a(_sf_to_si.o)
 .bss           0x00800222        0x0 d:/avrdiploma/imt_sdk_win_64/winavr/bin/../lib/gcc/avr/4.3.3/avr5\libgcc.a(_thenan_sf.o)
 .bss           0x00800222        0x0 d:/avrdiploma/imt_sdk_win_64/winavr/bin/../lib/gcc/avr/4.3.3/avr5\libgcc.a(_mulsi3.o)
 .bss           0x00800222        0x0 d:/avrdiploma/imt_sdk_win_64/winavr/bin/../lib/gcc/avr/4.3.3/avr5\libgcc.a(_udivmodsi4.o)
 .bss           0x00800222        0x0 d:/avrdiploma/imt_sdk_win_64/winavr/bin/../lib/gcc/avr/4.3.3/avr5\libgcc.a(_prologue.o)
 .bss           0x00800222        0x0 d:/avrdiploma/imt_sdk_win_64/winavr/bin/../lib/gcc/avr/4.3.3/avr5\libgcc.a(_epilogue.o)
 .bss           0x00800222        0x0 d:/avrdiploma/imt_sdk_win_64/winavr/bin/../lib/gcc/avr/4.3.3/avr5\libgcc.a(_clz.o)
 .bss           0x00800222        0x0 d:/avrdiploma/imt_sdk_win_64/winavr/bin/../lib/gcc/avr/4.3.3/avr5\libgcc.a(_pack_sf.o)
 .bss           0x00800222        0x0 d:/avrdiploma/imt_sdk_win_64/winavr/bin/../lib/gcc/avr/4.3.3/avr5\libgcc.a(_unpack_sf.o)
 .bss           0x00800222        0x0 d:/avrdiploma/imt_sdk_win_64/winavr/bin/../lib/gcc/avr/4.3.3/avr5\libgcc.a(_fpcmp_parts_sf.o)
 .bss           0x00800222        0x0 d:/avrdiploma/imt_sdk_win_64/winavr/bin/../lib/gcc/avr/4.3.3/../../../../avr/lib/avr5\libc.a(eerd_byte_atmega32.o)
 .bss           0x00800222        0x0 d:/avrdiploma/imt_sdk_win_64/winavr/bin/../lib/gcc/avr/4.3.3/../../../../avr/lib/avr5\libc.a(eeupd_byte_atmega32.o)
 *(.bss*)
 .bss.audio_addr
                0x00800222        0x2 ./main.o
                0x00800222                audio_addr
 .bss.audio_end
                0x00800224        0x2 ./main.o
                0x00800224                audio_end
 .bss.playing   0x00800226        0x1 ./main.o
                0x00800226                playing
 *(COMMON)
                0x00800227                PROVIDE (__bss_end, .)
                0x000060fe                __data_load_start = LOADADDR (.data)
                0x000062c0                __data_load_end = (__data_load_start + SIZEOF (.data))

.noinit         0x00800227        0x0
                0x00800227                PROVIDE (__noinit_start, .)
 *(.noinit*)
                0x00800227                PROVIDE (__noinit_end, .)
                0x00800227                _end = .
                0x00800227                PROVIDE (__heap_start, .)

.eeprom         0x00810000        0x0
 *(.eeprom*)
                0x00810000                __eeprom_end = .

.fuse
 *(.fuse)
 *(.lfuse)
 *(.hfuse)
 *(.efuse)

.lock
 *(.lock*)

.signature
 *(.signature*)

.stab           0x00000000     0x36cc
 *(.stab)
 .stab          0x00000000      0x684 ./MCAL/DIO/DIO_Program.o
 .stab          0x00000684      0x444 ./MCAL/ADC/ADC_Program.o
                                0x450 (size before relaxing)
 .stab          0x00000ac8      0xa68 ./HAL/LCD/LCD_Program.o
                                0xbf4 (size before relaxing)
 .stab          0x00001530       0xd8 ./HAL/CALLIBRATION/CALLIBRATION_Program.o
                                 0xe4 (size before relaxing)
 .stab          0x00001608     0x20c4 ./main.o
                               0x2280 (size before relaxing)

.stabstr        0x00000000     0x11ef
 *(.stabstr)
 .stabstr       0x00000000     0x11ef ./MCAL/DIO/DIO_Program.o

.stab.excl
 *(.stab.excl)

.stab.exclstr
 *(.stab.exclstr)

.stab.index
 *(.stab.index)

.stab.indexstr
 *(.stab.indexstr)

.comment
 *(.comment)

.debug
 *(.debug)

.line
 *(.line)

.debug_srcinfo
 *(.debug_srcinfo)

.debug_sfnames
 *(.debug_sfnames)

.debug_aranges  0x00000000      0x1a0
 *(.debug_aranges)
 .debug_aranges
                0x00000000       0x20 d:/avrdiploma/imt_sdk_win_64/winavr/bin/../lib/gcc/avr/4.3.3/avr5\libgcc.a(_ashldi3.o)
 .debug_aranges
                0x00000020       0x20 d:/avrdiploma/imt_sdk_win_64/winavr/bin/../lib/gcc/avr/4.3.3/avr5\libgcc.a(_fixunssfsi.o)
 .debug_aranges
                0x00000040       0x20 d:/avrdiploma/imt_sdk_win_64/winavr/bin/../lib/gcc/avr/4.3.3/avr5\libgcc.a(_udivdi3.o)
 .debug_aranges
                0x00000060       0x20 d:/avrdiploma/imt_sdk_win_64/winavr/bin/../lib/gcc/avr/4.3.3/avr5\libgcc.a(_umoddi3.o)
 .debug_aranges
                0x00000080       0x20 d:/avrdiploma/imt_sdk_win_64/winavr/bin/../lib/gcc/avr/4.3.3/avr5\libgcc.a(_addsub_sf.o)
 .debug_aranges
                0x000000a0       0x20 d:/avrdiploma/imt_sdk_win_64/winavr/bin/../lib/gcc/avr/4.3.3/avr5\libgcc.a(_mul_sf.o)
 .debug_aranges
                0x000000c0       0x20 d:/avrdiploma/imt_sdk_win_64/winavr/bin/../lib/gcc/avr/4.3.3/avr5\libgcc.a(_gt_sf.o)
 .debug_aranges
                0x000000e0       0x20 d:/avrdiploma/imt_sdk_win_64/winavr/bin/../lib/gcc/avr/4.3.3/avr5\libgcc.a(_ge_sf.o)
 .debug_aranges
                0x00000100       0x20 d:/avrdiploma/imt_sdk_win_64/winavr/bin/../lib/gcc/avr/4.3.3/avr5\libgcc.a(_lt_sf.o)
 .debug_aranges
                0x00000120       0x20 d:/avrdiploma/imt_sdk_win_64/winavr/bin/../lib/gcc/avr/4.3.3/avr5\libgcc.a(_sf_to_si.o)
 .debug_aranges
                0x00000140       0x20 d:/avrdiploma/imt_sdk_win_64/winavr/bin/../lib/gcc/avr/4.3.3/avr5\libgcc.a(_pack_sf.o)
 .debug_aranges
                0x00000160       0x20 d:/avrdiploma/imt_sdk_win_64/winavr/bin/../lib/gcc/avr/4.3.3/avr5\libgcc.a(_unpack_sf.o)
 .debug_aranges
                0x00000180       0x20 d:/avrdiploma/imt_sdk_win_64/winavr/bin/../lib/gcc/avr/4.3.3/avr5\libgcc.a(_fpcmp_parts_sf.o)

.debug_pubnames
                0x00000000      0x1f0
 *(.debug_pubnames)
 .debug_pubnames
                0x00000000       0x20 d:/avrdiploma/imt_sdk_win_64/winavr/bin/../lib/gcc/avr/4.3.3/avr5\libgcc.a(_ashldi3.o)
 .debug_pubnames
                0x00000020       0x23 d:/avrdiploma/imt_sdk_win_64/winavr/bin/../lib/gcc/avr/4.3.3/avr5\libgcc.a(_fixunssfsi.o)
 .debug_pubnames
                0x00000043       0x20 d:/avrdiploma/imt_sdk_win_64/winavr/bin/../lib/gcc/avr/4.3.3/avr5\libgcc.a(_udivdi3.o)
 .debug_pubnames
                0x00000063       0x20 d:/avrdiploma/imt_sdk_win_64/winavr/bin/../lib/gcc/avr/4.3.3/avr5\libgcc.a(_umoddi3.o)
 .debug_pubnames
                0x00000083       0x2c d:/avrdiploma/imt_sdk_win_64/winavr/bin/../lib/gcc/avr/4.3.3/avr5\libgcc.a(_addsub_sf.o)
 .debug_pubnames
                0x000000af       0x1f d:/avrdiploma/imt_sdk_win_64/winavr/bin/../lib/gcc/avr/4.3.3/avr5\libgcc.a(_mul_sf.o)
 .debug_pubnames
                0x000000ce       0x1e d:/avrdiploma/imt_sdk_win_64/winavr/bin/../lib/gcc/avr/4.3.3/avr5\libgcc.a(_gt_sf.o)
 .debug_pubnames
                0x000000ec       0x1e d:/avrdiploma/imt_sdk_win_64/winavr/bin/../lib/gcc/avr/4.3.3/avr5\libgcc.a(_ge_sf.o)
 .debug_pubnames
                0x0000010a       0x1e d:/avrdiploma/imt_sdk_win_64/winavr/bin/../lib/gcc/avr/4.3.3/avr5\libgcc.a(_lt_sf.o)
 .debug_pubnames
                0x00000128       0x20 d:/avrdiploma/imt_sdk_win_64/winavr/bin/../lib/gcc/avr/4.3.3/avr5\libgcc.a(_sf_to_si.o)
 .debug_pubnames
                0x00000148       0x22 d:/avrdiploma/imt_sdk_win_64/winavr/bin/../lib/gcc/avr/4.3.3/avr5\libgcc.a(_thenan_sf.o)
 .debug_pubnames
                0x0000016a       0x20 d:/avrdiploma/imt_sdk_win_64/winavr/bin/../lib/gcc/avr/4.3.3/avr5\libgcc.a(_clz.o)
 .debug_pubnames
                0x0000018a       0x1f d:/avrdiploma/imt_sdk_win_64/winavr/bin/../lib/gcc/avr/4.3.3/avr5\libgcc.a(_pack_sf.o)
 .debug_pubnames
                0x000001a9       0x21 d:/avrdiploma/imt_sdk_win_64/winavr/bin/../lib/gcc/avr/4.3.3/avr5\libgcc.a(_unpack_sf.o)
 .debug_pubnames
                0x000001ca       0x26 d:/avrdiploma/imt_sdk_win_64/winavr/bin/../lib/gcc/avr/4.3.3/avr5\libgcc.a(_fpcmp_parts_sf.o)

.debug_info     0x00000000     0x2ce6
 *(.debug_info)
 .debug_info    0x00000000      0x17f d:/avrdiploma/imt_sdk_win_64/winavr/bin/../lib/gcc/avr/4.3.3/avr5\libgcc.a(_ashldi3.o)
 .debug_info    0x0000017f       0xb1 d:/avrdiploma/imt_sdk_win_64/winavr/bin/../lib/gcc/avr/4.3.3/avr5\libgcc.a(_fixunssfsi.o)
 .debug_info    0x00000230      0x71e d:/avrdiploma/imt_sdk_win_64/winavr/bin/../lib/gcc/avr/4.3.3/avr5\libgcc.a(_udivdi3.o)
 .debug_info    0x0000094e      0x757 d:/avrdiploma/imt_sdk_win_64/winavr/bin/../lib/gcc/avr/4.3.3/avr5\libgcc.a(_umoddi3.o)
 .debug_info    0x000010a5      0x47a d:/avrdiploma/imt_sdk_win_64/winavr/bin/../lib/gcc/avr/4.3.3/avr5\libgcc.a(_addsub_sf.o)
 .debug_info    0x0000151f      0x485 d:/avrdiploma/imt_sdk_win_64/winavr/bin/../lib/gcc/avr/4.3.3/avr5\libgcc.a(_mul_sf.o)
 .debug_info    0x000019a4      0x27f d:/avrdiploma/imt_sdk_win_64/winavr/bin/../lib/gcc/avr/4.3.3/avr5\libgcc.a(_gt_sf.o)
 .debug_info    0x00001c23      0x27f d:/avrdiploma/imt_sdk_win_64/winavr/bin/../lib/gcc/avr/4.3.3/avr5\libgcc.a(_ge_sf.o)
 .debug_info    0x00001ea2      0x27f d:/avrdiploma/imt_sdk_win_64/winavr/bin/../lib/gcc/avr/4.3.3/avr5\libgcc.a(_lt_sf.o)
 .debug_info    0x00002121      0x2b0 d:/avrdiploma/imt_sdk_win_64/winavr/bin/../lib/gcc/avr/4.3.3/avr5\libgcc.a(_sf_to_si.o)
 .debug_info    0x000023d1      0x12c d:/avrdiploma/imt_sdk_win_64/winavr/bin/../lib/gcc/avr/4.3.3/avr5\libgcc.a(_thenan_sf.o)
 .debug_info    0x000024fd       0xa9 d:/avrdiploma/imt_sdk_win_64/winavr/bin/../lib/gcc/avr/4.3.3/avr5\libgcc.a(_clz.o)
 .debug_info    0x000025a6      0x2df d:/avrdiploma/imt_sdk_win_64/winavr/bin/../lib/gcc/avr/4.3.3/avr5\libgcc.a(_pack_sf.o)
 .debug_info    0x00002885      0x251 d:/avrdiploma/imt_sdk_win_64/winavr/bin/../lib/gcc/avr/4.3.3/avr5\libgcc.a(_unpack_sf.o)
 .debug_info    0x00002ad6      0x210 d:/avrdiploma/imt_sdk_win_64/winavr/bin/../lib/gcc/avr/4.3.3/avr5\libgcc.a(_fpcmp_parts_sf.o)
 *(.gnu.linkonce.wi.*)

.debug_abbrev   0x00000000     0x1354
 *(.debug_abbrev)
 .debug_abbrev  0x00000000       0xee d:/avrdiploma/imt_sdk_win_64/winavr/bin/../lib/gcc/avr/4.3.3/avr5\libgcc.a(_ashldi3.o)
 .debug_abbrev  0x000000ee       0x5d d:/avrdiploma/imt_sdk_win_64/winavr/bin/../lib/gcc/avr/4.3.3/avr5\libgcc.a(_fixunssfsi.o)
 .debug_abbrev  0x0000014b      0x181 d:/avrdiploma/imt_sdk_win_64/winavr/bin/../lib/gcc/avr/4.3.3/avr5\libgcc.a(_udivdi3.o)
 .debug_abbrev  0x000002cc      0x190 d:/avrdiploma/imt_sdk_win_64/winavr/bin/../lib/gcc/avr/4.3.3/avr5\libgcc.a(_umoddi3.o)
 .debug_abbrev  0x0000045c      0x1ea d:/avrdiploma/imt_sdk_win_64/winavr/bin/../lib/gcc/avr/4.3.3/avr5\libgcc.a(_addsub_sf.o)
 .debug_abbrev  0x00000646      0x21b d:/avrdiploma/imt_sdk_win_64/winavr/bin/../lib/gcc/avr/4.3.3/avr5\libgcc.a(_mul_sf.o)
 .debug_abbrev  0x00000861      0x15a d:/avrdiploma/imt_sdk_win_64/winavr/bin/../lib/gcc/avr/4.3.3/avr5\libgcc.a(_gt_sf.o)
 .debug_abbrev  0x000009bb      0x15a d:/avrdiploma/imt_sdk_win_64/winavr/bin/../lib/gcc/avr/4.3.3/avr5\libgcc.a(_ge_sf.o)
 .debug_abbrev  0x00000b15      0x15a d:/avrdiploma/imt_sdk_win_64/winavr/bin/../lib/gcc/avr/4.3.3/avr5\libgcc.a(_lt_sf.o)
 .debug_abbrev  0x00000c6f      0x17f d:/avrdiploma/imt_sdk_win_64/winavr/bin/../lib/gcc/avr/4.3.3/avr5\libgcc.a(_sf_to_si.o)
 .debug_abbrev  0x00000dee       0xad d:/avrdiploma/imt_sdk_win_64/winavr/bin/../lib/gcc/avr/4.3.3/avr5\libgcc.a(_thenan_sf.o)
 .debug_abbrev  0x00000e9b       0x6a d:/avrdiploma/imt_sdk_win_64/winavr/bin/../lib/gcc/avr/4.3.3/avr5\libgcc.a(_clz.o)
 .debug_abbrev  0x00000f05      0x1c0 d:/avrdiploma/imt_sdk_win_64/winavr/bin/../lib/gcc/avr/4.3.3/avr5\libgcc.a(_pack_sf.o)
 .debug_abbrev  0x000010c5      0x154 d:/avrdiploma/imt_sdk_win_64/winavr/bin/../lib/gcc/avr/4.3.3/avr5\libgcc.a(_unpack_sf.o)
 .debug_abbrev  0x00001219      0x13b d:/avrdiploma/imt_sdk_win_64/winavr/bin/../lib/gcc/avr/4.3.3/avr5\libgcc.a(_fpcmp_parts_sf.o)

.debug_line     0x00000000     0x1308
 *(.debug_line)
 .debug_line    0x00000000       0xd7 d:/avrdiploma/imt_sdk_win_64/winavr/bin/../lib/gcc/avr/4.3.3/avr5\libgcc.a(_ashldi3.o)
 .debug_line    0x000000d7       0xa7 d:/avrdiploma/imt_sdk_win_64/winavr/bin/../lib/gcc/avr/4.3.3/avr5\libgcc.a(_fixunssfsi.o)
 .debug_line    0x0000017e      0x1d8 d:/avrdiploma/imt_sdk_win_64/winavr/bin/../lib/gcc/avr/4.3.3/avr5\libgcc.a(_udivdi3.o)
 .debug_line    0x00000356      0x230 d:/avrdiploma/imt_sdk_win_64/winavr/bin/../lib/gcc/avr/4.3.3/avr5\libgcc.a(_umoddi3.o)
 .debug_line    0x00000586      0x2af d:/avrdiploma/imt_sdk_win_64/winavr/bin/../lib/gcc/avr/4.3.3/avr5\libgcc.a(_addsub_sf.o)
 .debug_line    0x00000835      0x239 d:/avrdiploma/imt_sdk_win_64/winavr/bin/../lib/gcc/avr/4.3.3/avr5\libgcc.a(_mul_sf.o)
 .debug_line    0x00000a6e       0xd3 d:/avrdiploma/imt_sdk_win_64/winavr/bin/../lib/gcc/avr/4.3.3/avr5\libgcc.a(_gt_sf.o)
 .debug_line    0x00000b41       0xd3 d:/avrdiploma/imt_sdk_win_64/winavr/bin/../lib/gcc/avr/4.3.3/avr5\libgcc.a(_ge_sf.o)
 .debug_line    0x00000c14       0xd3 d:/avrdiploma/imt_sdk_win_64/winavr/bin/../lib/gcc/avr/4.3.3/avr5\libgcc.a(_lt_sf.o)
 .debug_line    0x00000ce7      0x109 d:/avrdiploma/imt_sdk_win_64/winavr/bin/../lib/gcc/avr/4.3.3/avr5\libgcc.a(_sf_to_si.o)
 .debug_line    0x00000df0       0x90 d:/avrdiploma/imt_sdk_win_64/winavr/bin/../lib/gcc/avr/4.3.3/avr5\libgcc.a(_thenan_sf.o)
 .debug_line    0x00000e80       0x7c d:/avrdiploma/imt_sdk_win_64/winavr/bin/../lib/gcc/avr/4.3.3/avr5\libgcc.a(_clz.o)
 .debug_line    0x00000efc      0x18a d:/avrdiploma/imt_sdk_win_64/winavr/bin/../lib/gcc/avr/4.3.3/avr5\libgcc.a(_pack_sf.o)
 .debug_line    0x00001086      0x14b d:/avrdiploma/imt_sdk_win_64/winavr/bin/../lib/gcc/avr/4.3.3/avr5\libgcc.a(_unpack_sf.o)
 .debug_line    0x000011d1      0x137 d:/avrdiploma/imt_sdk_win_64/winavr/bin/../lib/gcc/avr/4.3.3/avr5\libgcc.a(_fpcmp_parts_sf.o)

.debug_frame    0x00000000      0x1c0
 *(.debug_frame)
 .debug_frame   0x00000000       0x20 d:/avrdiploma/imt_sdk_win_64/winavr/bin/../lib/gcc/avr/4.3.3/avr5\libgcc.a(_ashldi3.o)
 .debug_frame   0x00000020       0x20 d:/avrdiploma/imt_sdk_win_64/winavr/bin/../lib/gcc/avr/4.3.3/avr5\libgcc.a(_fixunssfsi.o)
 .debug_frame   0x00000040       0x20 d:/avrdiploma/imt_sdk_win_64/winavr/bin/../lib/gcc/avr/4.3.3/avr5\libgcc.a(_udivdi3.o)
 .debug_frame   0x00000060       0x20 d:/avrdiploma/imt_sdk_win_64/winavr/bin/../lib/gcc/avr/4.3.3/avr5\libgcc.a(_umoddi3.o)
 .debug_frame   0x00000080       0x40 d:/avrdiploma/imt_sdk_win_64/winavr/bin/../lib/gcc/avr/4.3.3/avr5\libgcc.a(_addsub_sf.o)
 .debug_frame   0x000000c0       0x20 d:/avrdiploma/imt_sdk_win_64/winavr/bin/../lib/gcc/avr/4.3.3/avr5\libgcc.a(_mul_sf.o)
 .debug_frame   0x000000e0       0x20 d:/avrdiploma/imt_sdk_win_64/winavr/bin/../lib/gcc/avr/4.3.3/avr5\libgcc.a(_gt_sf.o)
 .debug_frame   0x00000100       0x20 d:/avrdiploma/imt_sdk_win_64/winavr/bin/../lib/gcc/avr/4.3.3/avr5\libgcc.a(_ge_sf.o)
 .debug_frame   0x00000120       0x20 d:/avrdiploma/imt_sdk_win_64/winavr/bin/../lib/gcc/avr/4.3.3/avr5\libgcc.a(_lt_sf.o)
 .debug_frame   0x00000140       0x20 d:/avrdiploma/imt_sdk_win_64/winavr/bin/../lib/gcc/avr/4.3.3/avr5\libgcc.a(_sf_to_si.o)
 .debug_frame   0x00000160       0x20 d:/avrdiploma/imt_sdk_win_64/winavr/bin/../lib/gcc/avr/4.3.3/avr5\libgcc.a(_pack_sf.o)
 .debug_frame   0x00000180       0x20 d:/avrdiploma/imt_sdk_win_64/winavr/bin/../lib/gcc/avr/4.3.3/avr5\libgcc.a(_unpack_sf.o)
 .debug_frame   0x000001a0       0x20 d:/avrdiploma/imt_sdk_win_64/winavr/bin/../lib/gcc/avr/4.3.3/avr5\libgcc.a(_fpcmp_parts_sf.o)

.debug_str      0x00000000      0x340
 *(.debug_str)
 .debug_str     0x00000000       0xdf d:/avrdiploma/imt_sdk_win_64/winavr/bin/../lib/gcc/avr/4.3.3/avr5\libgcc.a(_ashldi3.o)
                                0x131 (size before relaxing)
 .debug_str     0x000000df       0x14 d:/avrdiploma/imt_sdk_win_64/winavr/bin/../lib/gcc/avr/4.3.3/avr5\libgcc.a(_fixunssfsi.o)
                                 0xfe (size before relaxing)
 .debug_str     0x000000f3       0x7c d:/avrdiploma/imt_sdk_win_64/winavr/bin/../lib/gcc/avr/4.3.3/avr5\libgcc.a(_udivdi3.o)
                                0x18a (size before relaxing)
 .debug_str     0x0000016f        0xa d:/avrdiploma/imt_sdk_win_64/winavr/bin/../lib/gcc/avr/4.3.3/avr5\libgcc.a(_umoddi3.o)
                                0x18a (size before relaxing)
 .debug_str     0x00000179      0x14d d:/avrdiploma/imt_sdk_win_64/winavr/bin/../lib/gcc/avr/4.3.3/avr5\libgcc.a(_addsub_sf.o)
                                0x206 (size before relaxing)
 .debug_str     0x000002c6       0x27 d:/avrdiploma/imt_sdk_win_64/winavr/bin/../lib/gcc/avr/4.3.3/avr5\libgcc.a(_mul_sf.o)
                                0x1bf (size before relaxing)
 .debug_str     0x000002ed        0x8 d:/avrdiploma/imt_sdk_win_64/winavr/bin/../lib/gcc/avr/4.3.3/avr5\libgcc.a(_gt_sf.o)
                                0x195 (size before relaxing)
 .debug_str     0x000002f5        0x8 d:/avrdiploma/imt_sdk_win_64/winavr/bin/../lib/gcc/avr/4.3.3/avr5\libgcc.a(_ge_sf.o)
                                0x195 (size before relaxing)
 .debug_str     0x000002fd        0x8 d:/avrdiploma/imt_sdk_win_64/winavr/bin/../lib/gcc/avr/4.3.3/avr5\libgcc.a(_lt_sf.o)
                                0x195 (size before relaxing)
 .debug_str     0x00000305        0xa d:/avrdiploma/imt_sdk_win_64/winavr/bin/../lib/gcc/avr/4.3.3/avr5\libgcc.a(_sf_to_si.o)
                                0x19e (size before relaxing)
 .debug_str     0x00000000      0x103 d:/avrdiploma/imt_sdk_win_64/winavr/bin/../lib/gcc/avr/4.3.3/avr5\libgcc.a(_thenan_sf.o)
 .debug_str     0x00000000       0xf4 d:/avrdiploma/imt_sdk_win_64/winavr/bin/../lib/gcc/avr/4.3.3/avr5\libgcc.a(_clz.o)
 .debug_str     0x0000030f       0x16 d:/avrdiploma/imt_sdk_win_64/winavr/bin/../lib/gcc/avr/4.3.3/avr5\libgcc.a(_pack_sf.o)
                                0x19d (size before relaxing)
 .debug_str     0x00000325        0xb d:/avrdiploma/imt_sdk_win_64/winavr/bin/../lib/gcc/avr/4.3.3/avr5\libgcc.a(_unpack_sf.o)
                                0x17f (size before relaxing)
 .debug_str     0x00000330       0x10 d:/avrdiploma/imt_sdk_win_64/winavr/bin/../lib/gcc/avr/4.3.3/avr5\libgcc.a(_fpcmp_parts_sf.o)
                                0x163 (size before relaxing)

.debug_loc      0x00000000     0x21ec
 *(.debug_loc)
 .debug_loc     0x00000000       0xf8 d:/avrdiploma/imt_sdk_win_64/winavr/bin/../lib/gcc/avr/4.3.3/avr5\libgcc.a(_ashldi3.o)
 .debug_loc     0x000000f8       0x34 d:/avrdiploma/imt_sdk_win_64/winavr/bin/../lib/gcc/avr/4.3.3/avr5\libgcc.a(_fixunssfsi.o)
 .debug_loc     0x0000012c      0xe74 d:/avrdiploma/imt_sdk_win_64/winavr/bin/../lib/gcc/avr/4.3.3/avr5\libgcc.a(_udivdi3.o)
 .debug_loc     0x00000fa0      0xab2 d:/avrdiploma/imt_sdk_win_64/winavr/bin/../lib/gcc/avr/4.3.3/avr5\libgcc.a(_umoddi3.o)
 .debug_loc     0x00001a52      0x32a d:/avrdiploma/imt_sdk_win_64/winavr/bin/../lib/gcc/avr/4.3.3/avr5\libgcc.a(_addsub_sf.o)
 .debug_loc     0x00001d7c      0x104 d:/avrdiploma/imt_sdk_win_64/winavr/bin/../lib/gcc/avr/4.3.3/avr5\libgcc.a(_mul_sf.o)
 .debug_loc     0x00001e80       0x3c d:/avrdiploma/imt_sdk_win_64/winavr/bin/../lib/gcc/avr/4.3.3/avr5\libgcc.a(_gt_sf.o)
 .debug_loc     0x00001ebc       0x3c d:/avrdiploma/imt_sdk_win_64/winavr/bin/../lib/gcc/avr/4.3.3/avr5\libgcc.a(_ge_sf.o)
 .debug_loc     0x00001ef8       0x3c d:/avrdiploma/imt_sdk_win_64/winavr/bin/../lib/gcc/avr/4.3.3/avr5\libgcc.a(_lt_sf.o)
 .debug_loc     0x00001f34       0x7e d:/avrdiploma/imt_sdk_win_64/winavr/bin/../lib/gcc/avr/4.3.3/avr5\libgcc.a(_sf_to_si.o)
 .debug_loc     0x00001fb2      0x13e d:/avrdiploma/imt_sdk_win_64/winavr/bin/../lib/gcc/avr/4.3.3/avr5\libgcc.a(_pack_sf.o)
 .debug_loc     0x000020f0       0xac d:/avrdiploma/imt_sdk_win_64/winavr/bin/../lib/gcc/avr/4.3.3/avr5\libgcc.a(_unpack_sf.o)
 .debug_loc     0x0000219c       0x50 d:/avrdiploma/imt_sdk_win_64/winavr/bin/../lib/gcc/avr/4.3.3/avr5\libgcc.a(_fpcmp_parts_sf.o)

.debug_macinfo
 *(.debug_macinfo)
OUTPUT(AVRGProj.elf elf32-avr)
LOAD linker stubs

.debug_ranges   0x00000000       0x80
 .debug_ranges  0x00000000       0x18 d:/avrdiploma/imt_sdk_win_64/winavr/bin/../lib/gcc/avr/4.3.3/avr5\libgcc.a(_udivdi3.o)
 .debug_ranges  0x00000018       0x18 d:/avrdiploma/imt_sdk_win_64/winavr/bin/../lib/gcc/avr/4.3.3/avr5\libgcc.a(_umoddi3.o)
 .debug_ranges  0x00000030       0x50 d:/avrdiploma/imt_sdk_win_64/winavr/bin/../lib/gcc/avr/4.3.3/avr5\libgcc.a(_mul_sf.o)
